// Vitest Snapshot v1, https://vitest.dev/guide/snapshot.html

exports[`detailed card component displays the correct product information 1`] = `
<div
  class="_container_0c9c7f"
  data-testid="details"
>
  <a
    class="_close_button_0c9c7f"
    href="/?page=1"
  >
    +
  </a>
  <img
    alt="detail image"
    class="_image_0c9c7f"
    src="https://i.dummyjson.com/data/products/1/1.jpg"
  />
  <h3
    class="_title_0c9c7f"
  >
    iPhone 9
  </h3>
  <p
    class="_text_0c9c7f"
  >
    An apple mobile which is nothing like apple
  </p>
</div>
`;

exports[`detailed card component displays the correct product information 2`] = `Promise {}`;

exports[`detailed card component displays the correct product information 3`] = `Promise {}`;
